// Jest Snapshot v1, https://goo.gl/fbAQLP

exports[`ClassDeclaration2 1`] = `
Object {
  "EntryFiles": Array [
    Object {
      "ApiKind": "source-file",
      "Kind": 268,
      "KindString": "SourceFile",
      "Members": Array [
        Array [
          "Foo",
          Array [
            "ClassDeclaration-0",
          ],
        ],
      ],
      "Metadata": Object {
        "DocumentationComment": "",
        "JSDocTags": Array [],
      },
      "Name": "ClassDeclaration2.ts",
      "Path": "./cases/ClassDeclaration2.ts",
    },
  ],
  "Registry": Object {
    "ClassDeclaration-0": Object {
      "ApiKind": "class",
      "Extends": undefined,
      "Implements": Array [],
      "IsAbstract": true,
      "Kind": 229,
      "KindString": "ClassDeclaration",
      "Location": Object {
        "Character": 0,
        "FileName": "./cases/ClassDeclaration2.ts",
        "Line": 2,
      },
      "Members": Array [
        Array [
          "SetFoo",
          Array [
            "MethodDeclaration-0",
          ],
        ],
        Array [
          "GetFoo",
          Array [
            "MethodDeclaration-1",
          ],
        ],
        Array [
          "Id",
          Array [
            "PropertyDeclaration-0",
          ],
        ],
        Array [
          "Bar",
          Array [
            "PropertyDeclaration-1",
          ],
        ],
      ],
      "Metadata": Object {
        "DocumentationComment": "",
        "JSDocTags": Array [],
      },
      "Name": "Foo",
      "TypeParameters": Array [],
    },
    "MethodDeclaration-0": Object {
      "AccessModifier": "protected",
      "ApiKind": "class-method",
      "IsAbstract": true,
      "IsAsync": false,
      "IsOptional": false,
      "IsOverloadBase": false,
      "IsStatic": false,
      "Kind": 151,
      "KindString": "MethodDeclaration",
      "Location": Object {
        "Character": 4,
        "FileName": "./cases/ClassDeclaration2.ts",
        "Line": 3,
      },
      "Metadata": Object {
        "DocumentationComment": "",
        "JSDocTags": Array [],
      },
      "Name": "SetFoo",
      "Parameters": Array [
        Array [
          "foo",
          Array [
            "Parameter-0",
          ],
        ],
      ],
      "ReturnType": Object {
        "ApiTypeKind": "basic",
        "Flags": 1024,
        "FlagsString": "Void",
        "Generics": undefined,
        "Name": undefined,
        "ReferenceId": undefined,
        "Text": "void",
      },
      "TypeParameters": Array [],
    },
    "MethodDeclaration-1": Object {
      "AccessModifier": "public",
      "ApiKind": "class-method",
      "IsAbstract": false,
      "IsAsync": false,
      "IsOptional": false,
      "IsOverloadBase": false,
      "IsStatic": false,
      "Kind": 151,
      "KindString": "MethodDeclaration",
      "Location": Object {
        "Character": 4,
        "FileName": "./cases/ClassDeclaration2.ts",
        "Line": 5,
      },
      "Metadata": Object {
        "DocumentationComment": "",
        "JSDocTags": Array [],
      },
      "Name": "GetFoo",
      "Parameters": Array [],
      "ReturnType": Object {
        "ApiTypeKind": "basic",
        "Flags": 2,
        "FlagsString": "String",
        "Generics": undefined,
        "Name": undefined,
        "ReferenceId": undefined,
        "Text": "string",
      },
      "TypeParameters": Array [],
    },
    "Parameter-0": Object {
      "ApiKind": "parameter",
      "IsOptional": false,
      "IsSpread": false,
      "Kind": 146,
      "KindString": "Parameter",
      "Location": Object {
        "Character": 30,
        "FileName": "./cases/ClassDeclaration2.ts",
        "Line": 3,
      },
      "Metadata": Object {
        "DocumentationComment": "",
        "JSDocTags": Array [],
      },
      "Name": "foo",
      "Type": Object {
        "ApiTypeKind": "basic",
        "Flags": 2,
        "FlagsString": "String",
        "Generics": undefined,
        "Name": undefined,
        "ReferenceId": undefined,
        "Text": "string",
      },
    },
    "PropertyDeclaration-0": Object {
      "AccessModifier": "public",
      "ApiKind": "class-property",
      "IsAbstract": true,
      "IsOptional": false,
      "IsReadonly": true,
      "IsStatic": false,
      "Kind": 149,
      "KindString": "PropertyDeclaration",
      "Location": Object {
        "Character": 4,
        "FileName": "./cases/ClassDeclaration2.ts",
        "Line": 9,
      },
      "Metadata": Object {
        "DocumentationComment": "",
        "JSDocTags": Array [],
      },
      "Name": "Id",
      "Type": Object {
        "ApiTypeKind": "basic",
        "Flags": 2,
        "FlagsString": "String",
        "Generics": undefined,
        "Name": undefined,
        "ReferenceId": undefined,
        "Text": "string",
      },
    },
    "PropertyDeclaration-1": Object {
      "AccessModifier": "public",
      "ApiKind": "class-property",
      "IsAbstract": false,
      "IsOptional": false,
      "IsReadonly": false,
      "IsStatic": true,
      "Kind": 149,
      "KindString": "PropertyDeclaration",
      "Location": Object {
        "Character": 4,
        "FileName": "./cases/ClassDeclaration2.ts",
        "Line": 10,
      },
      "Metadata": Object {
        "DocumentationComment": "",
        "JSDocTags": Array [],
      },
      "Name": "Bar",
      "Type": Object {
        "ApiTypeKind": "basic",
        "Flags": 2,
        "FlagsString": "String",
        "Generics": undefined,
        "Name": undefined,
        "ReferenceId": undefined,
        "Text": "string",
      },
    },
  },
}
`;
