// Jest Snapshot v1, https://goo.gl/fbAQLP

exports[`class-declaration12 1`] = `
Object {
  "EntryFiles": Array [
    "SourceFile-0",
  ],
  "Registry": Object {
    "ClassDeclaration-0": Object {
      "ApiKind": "class",
      "Extends": undefined,
      "Implements": Array [],
      "IsAbstract": false,
      "Location": Object {
        "Character": 0,
        "FileName": "./main.ts",
        "IsExternalPackage": false,
        "Line": 8,
      },
      "Members": Array [],
      "Metadata": Object {
        "DocumentationComment": "Class Foo comment line.",
        "JSDocTags": Array [
          Object {
            "name": "summary",
            "text": "Summary of comment line.",
          },
          Object {
            "name": "template",
            "text": "TProps  component props",
          },
          Object {
            "name": "template",
            "text": "TState  component state",
          },
        ],
      },
      "Name": "FooComponent",
      "ParentId": "SourceFile-0",
      "TypeParameters": Array [
        Object {
          "Alias": "TProps",
          "Ids": Array [
            "TypeParameter-0",
          ],
        },
        Object {
          "Alias": "TState",
          "Ids": Array [
            "TypeParameter-1",
          ],
        },
      ],
      "_ts": undefined,
    },
    "SourceFile-0": Object {
      "ApiKind": "source-file",
      "Location": Object {
        "Character": 0,
        "FileName": "./main.ts",
        "IsExternalPackage": false,
        "Line": 8,
      },
      "Members": Array [
        Object {
          "Alias": "FooComponent",
          "Ids": Array [
            "ClassDeclaration-0",
          ],
        },
      ],
      "Metadata": Object {
        "DocumentationComment": "",
        "JSDocTags": Array [],
      },
      "Name": "main.ts",
      "ParentId": undefined,
      "_ts": undefined,
    },
    "TypeParameter-0": Object {
      "ApiKind": "type-parameter",
      "ConstraintType": undefined,
      "DefaultType": undefined,
      "Location": Object {
        "Character": 26,
        "FileName": "./main.ts",
        "IsExternalPackage": false,
        "Line": 8,
      },
      "Metadata": Object {
        "DocumentationComment": "",
        "JSDocTags": Array [],
      },
      "Name": "TProps",
      "ParentId": "ClassDeclaration-0",
      "_ts": undefined,
    },
    "TypeParameter-1": Object {
      "ApiKind": "type-parameter",
      "ConstraintType": undefined,
      "DefaultType": undefined,
      "Location": Object {
        "Character": 34,
        "FileName": "./main.ts",
        "IsExternalPackage": false,
        "Line": 8,
      },
      "Metadata": Object {
        "DocumentationComment": "",
        "JSDocTags": Array [],
      },
      "Name": "TState",
      "ParentId": "ClassDeclaration-0",
      "_ts": undefined,
    },
  },
}
`;
