// Jest Snapshot v1, https://goo.gl/fbAQLP

exports[`ClassDeclaration4 1`] = `
Object {
  "EntryFiles": Array [
    "SourceFile-0",
  ],
  "Registry": Object {
    "ClassDeclaration-0": Object {
      "ApiKind": "class",
      "Extends": undefined,
      "Implements": Array [
        Object {
          "ApiTypeKind": "reference",
          "Location": Object {
            "Character": 33,
            "FileName": "./cases/ClassDeclaration4.ts",
            "IsExternalPackage": false,
            "Line": 10,
          },
          "ReferenceId": "InterfaceDeclaration-0",
          "SymbolName": "Foo",
          "Text": "Foo",
          "TypeParameters": undefined,
          "_ts": Object {
            "Kind": 201,
            "KindString": "ExpressionWithTypeArguments",
          },
        },
        Object {
          "ApiTypeKind": "reference",
          "Location": Object {
            "Character": 38,
            "FileName": "./cases/ClassDeclaration4.ts",
            "IsExternalPackage": false,
            "Line": 10,
          },
          "ReferenceId": "InterfaceDeclaration-1",
          "SymbolName": "Foo2",
          "Text": "Foo2",
          "TypeParameters": undefined,
          "_ts": Object {
            "Kind": 201,
            "KindString": "ExpressionWithTypeArguments",
          },
        },
      ],
      "IsAbstract": false,
      "Location": Object {
        "Character": 0,
        "FileName": "./cases/ClassDeclaration4.ts",
        "IsExternalPackage": false,
        "Line": 10,
      },
      "Members": Array [
        Object {
          "Alias": "Bar",
          "Ids": Array [
            "PropertyDeclaration-0",
          ],
        },
        Object {
          "Alias": "Bar2",
          "Ids": Array [
            "PropertyDeclaration-1",
          ],
        },
      ],
      "Metadata": Object {
        "DocumentationComment": "",
        "JSDocTags": Array [],
      },
      "Name": "FooClass",
      "ParentId": "SourceFile-0",
      "TypeParameters": Array [],
      "_ts": Object {
        "Kind": 229,
        "KindString": "ClassDeclaration",
      },
    },
    "InterfaceDeclaration-0": Object {
      "ApiKind": "interface",
      "Extends": Array [],
      "Location": Object {
        "Character": 0,
        "FileName": "./cases/ClassDeclaration4.ts",
        "IsExternalPackage": false,
        "Line": 2,
      },
      "Members": Array [
        Object {
          "Alias": "Bar",
          "Ids": Array [
            "PropertySignature-0",
          ],
        },
      ],
      "Metadata": Object {
        "DocumentationComment": "",
        "JSDocTags": Array [],
      },
      "Name": "Foo",
      "ParentId": "SourceFile-0",
      "TypeParameters": Array [],
      "_ts": Object {
        "Kind": 230,
        "KindString": "InterfaceDeclaration",
      },
    },
    "InterfaceDeclaration-1": Object {
      "ApiKind": "interface",
      "Extends": Array [],
      "Location": Object {
        "Character": 0,
        "FileName": "./cases/ClassDeclaration4.ts",
        "IsExternalPackage": false,
        "Line": 6,
      },
      "Members": Array [
        Object {
          "Alias": "Bar2",
          "Ids": Array [
            "PropertySignature-1",
          ],
        },
      ],
      "Metadata": Object {
        "DocumentationComment": "",
        "JSDocTags": Array [],
      },
      "Name": "Foo2",
      "ParentId": "SourceFile-0",
      "TypeParameters": Array [],
      "_ts": Object {
        "Kind": 230,
        "KindString": "InterfaceDeclaration",
      },
    },
    "PropertyDeclaration-0": Object {
      "AccessModifier": "public",
      "ApiKind": "class-property",
      "IsAbstract": false,
      "IsOptional": false,
      "IsReadonly": false,
      "IsStatic": false,
      "Location": Object {
        "Character": 4,
        "FileName": "./cases/ClassDeclaration4.ts",
        "IsExternalPackage": false,
        "Line": 11,
      },
      "Metadata": Object {
        "DocumentationComment": "",
        "JSDocTags": Array [],
      },
      "Name": "Bar",
      "ParentId": "ClassDeclaration-0",
      "Type": Object {
        "ApiTypeKind": "basic",
        "Location": Object {
          "Character": 16,
          "FileName": "./cases/ClassDeclaration4.ts",
          "IsExternalPackage": false,
          "Line": 11,
        },
        "Text": "string",
        "_ts": Object {
          "Kind": 136,
          "KindString": "StringKeyword",
        },
      },
      "_ts": Object {
        "Kind": 149,
        "KindString": "PropertyDeclaration",
      },
    },
    "PropertyDeclaration-1": Object {
      "AccessModifier": "public",
      "ApiKind": "class-property",
      "IsAbstract": false,
      "IsOptional": false,
      "IsReadonly": false,
      "IsStatic": false,
      "Location": Object {
        "Character": 4,
        "FileName": "./cases/ClassDeclaration4.ts",
        "IsExternalPackage": false,
        "Line": 12,
      },
      "Metadata": Object {
        "DocumentationComment": "",
        "JSDocTags": Array [],
      },
      "Name": "Bar2",
      "ParentId": "ClassDeclaration-0",
      "Type": Object {
        "ApiTypeKind": "basic",
        "Location": Object {
          "Character": 17,
          "FileName": "./cases/ClassDeclaration4.ts",
          "IsExternalPackage": false,
          "Line": 12,
        },
        "Text": "string",
        "_ts": Object {
          "Kind": 136,
          "KindString": "StringKeyword",
        },
      },
      "_ts": Object {
        "Kind": 149,
        "KindString": "PropertyDeclaration",
      },
    },
    "PropertySignature-0": Object {
      "ApiKind": "property",
      "IsOptional": false,
      "IsReadonly": false,
      "Location": Object {
        "Character": 4,
        "FileName": "./cases/ClassDeclaration4.ts",
        "IsExternalPackage": false,
        "Line": 3,
      },
      "Metadata": Object {
        "DocumentationComment": "",
        "JSDocTags": Array [],
      },
      "Name": "Bar",
      "ParentId": "InterfaceDeclaration-0",
      "Type": Object {
        "ApiTypeKind": "basic",
        "Location": Object {
          "Character": 9,
          "FileName": "./cases/ClassDeclaration4.ts",
          "IsExternalPackage": false,
          "Line": 3,
        },
        "Text": "string",
        "_ts": Object {
          "Kind": 136,
          "KindString": "StringKeyword",
        },
      },
      "_ts": Object {
        "Kind": 148,
        "KindString": "PropertySignature",
      },
    },
    "PropertySignature-1": Object {
      "ApiKind": "property",
      "IsOptional": false,
      "IsReadonly": false,
      "Location": Object {
        "Character": 4,
        "FileName": "./cases/ClassDeclaration4.ts",
        "IsExternalPackage": false,
        "Line": 7,
      },
      "Metadata": Object {
        "DocumentationComment": "",
        "JSDocTags": Array [],
      },
      "Name": "Bar2",
      "ParentId": "InterfaceDeclaration-1",
      "Type": Object {
        "ApiTypeKind": "basic",
        "Location": Object {
          "Character": 10,
          "FileName": "./cases/ClassDeclaration4.ts",
          "IsExternalPackage": false,
          "Line": 7,
        },
        "Text": "string",
        "_ts": Object {
          "Kind": 136,
          "KindString": "StringKeyword",
        },
      },
      "_ts": Object {
        "Kind": 148,
        "KindString": "PropertySignature",
      },
    },
    "SourceFile-0": Object {
      "ApiKind": "source-file",
      "Location": Object {
        "Character": 0,
        "FileName": "./cases/ClassDeclaration4.ts",
        "IsExternalPackage": false,
        "Line": 2,
      },
      "Members": Array [
        Object {
          "Alias": "Foo",
          "Ids": Array [
            "InterfaceDeclaration-0",
          ],
        },
        Object {
          "Alias": "Foo2",
          "Ids": Array [
            "InterfaceDeclaration-1",
          ],
        },
        Object {
          "Alias": "FooClass",
          "Ids": Array [
            "ClassDeclaration-0",
          ],
        },
      ],
      "Metadata": Object {
        "DocumentationComment": "",
        "JSDocTags": Array [],
      },
      "Name": "ClassDeclaration4.ts",
      "ParentId": undefined,
      "_ts": Object {
        "Kind": 268,
        "KindString": "SourceFile",
      },
    },
  },
}
`;
