// Jest Snapshot v1, https://goo.gl/fbAQLP

exports[`ClassDeclaration7 1`] = `
Object {
  "EntryFiles": Array [
    Object {
      "ApiKind": "source-file",
      "Kind": 265,
      "KindString": "SourceFile",
      "Members": Array [
        Array [
          "FooClass",
          Array [
            "ClassDeclaration-0",
          ],
        ],
      ],
      "Name": "ClassDeclaration7.ts",
      "Path": "./cases/ClassDeclaration7.ts",
    },
  ],
  "Registry": Object {
    "ClassDeclaration-0": Object {
      "ApiKind": "class",
      "Extends": undefined,
      "Implements": Array [],
      "IsAbstract": false,
      "Kind": 229,
      "KindString": "ClassDeclaration",
      "Location": Object {
        "Character": 0,
        "FileName": "./cases/ClassDeclaration7.ts",
        "Line": 2,
      },
      "Members": Array [],
      "Metadata": Object {
        "DocumentationComment": Array [],
        "JSDocTags": Array [],
      },
      "Name": "FooClass",
      "TypeParameters": Array [
        Array [
          "TValue",
          Array [
            "TypeParameter-0",
          ],
        ],
      ],
    },
    "TypeParameter-0": Object {
      "ApiKind": "type-parameter",
      "ConstraintType": undefined,
      "DefaultType": undefined,
      "Kind": 145,
      "KindString": "TypeParameter",
      "Location": Object {
        "Character": 22,
        "FileName": "./cases/ClassDeclaration7.ts",
        "Line": 2,
      },
      "Metadata": Object {
        "DocumentationComment": Array [],
        "JSDocTags": Array [],
      },
      "Name": "TValue",
    },
  },
}
`;
