// Jest Snapshot v1, https://goo.gl/fbAQLP

exports[`construct-signature2 1`] = `
Object {
  "EntryFiles": Array [
    "SourceFile-0",
  ],
  "Registry": Object {
    "ConstructSignature-0": Object {
      "ApiKind": "construct",
      "IsOverloadBase": false,
      "Location": Object {
        "Character": 4,
        "FileName": "./main.ts",
        "IsExternalPackage": false,
        "Line": 1,
      },
      "Metadata": Object {
        "DocumentationComment": "",
        "JSDocTags": Array [],
      },
      "Name": "__new",
      "Parameters": Array [],
      "ParentId": "InterfaceDeclaration-0",
      "ReturnType": Object {
        "ApiTypeKind": "reference",
        "Location": Object {
          "Character": 15,
          "FileName": "./main.ts",
          "IsExternalPackage": false,
          "Line": 1,
        },
        "ReferenceId": "TypeParameter-0",
        "SymbolName": "T",
        "Text": "T",
        "TypeParameters": undefined,
      },
      "TypeParameters": Array [
        Object {
          "Alias": "T",
          "Ids": Array [
            "TypeParameter-0",
          ],
        },
      ],
      "_ts": undefined,
    },
    "InterfaceDeclaration-0": Object {
      "ApiKind": "interface",
      "Extends": Array [],
      "Location": Object {
        "Character": 0,
        "FileName": "./main.ts",
        "IsExternalPackage": false,
        "Line": 0,
      },
      "Members": Array [
        Object {
          "Alias": "__new",
          "Ids": Array [
            "ConstructSignature-0",
          ],
        },
      ],
      "Metadata": Object {
        "DocumentationComment": "",
        "JSDocTags": Array [],
      },
      "Name": "Foo",
      "ParentId": "SourceFile-0",
      "TypeParameters": Array [],
      "_ts": undefined,
    },
    "SourceFile-0": Object {
      "ApiKind": "source-file",
      "Location": Object {
        "Character": 0,
        "FileName": "./main.ts",
        "IsExternalPackage": false,
        "Line": 0,
      },
      "Members": Array [
        Object {
          "Alias": "Foo",
          "Ids": Array [
            "InterfaceDeclaration-0",
          ],
        },
      ],
      "Metadata": Object {
        "DocumentationComment": "",
        "JSDocTags": Array [],
      },
      "Name": "main.ts",
      "ParentId": undefined,
      "_ts": undefined,
    },
    "TypeParameter-0": Object {
      "ApiKind": "type-parameter",
      "ConstraintType": undefined,
      "DefaultType": undefined,
      "Location": Object {
        "Character": 9,
        "FileName": "./main.ts",
        "IsExternalPackage": false,
        "Line": 1,
      },
      "Metadata": Object {
        "DocumentationComment": "",
        "JSDocTags": Array [],
      },
      "Name": "T",
      "ParentId": "ConstructSignature-0",
      "_ts": undefined,
    },
  },
}
`;
