// Jest Snapshot v1, https://goo.gl/fbAQLP

exports[`EnumDeclaration1 1`] = `
Object {
  "EntryFiles": Array [
    "SourceFile-0",
  ],
  "Registry": Object {
    "EnumDeclaration-0": Object {
      "ApiKind": "enum",
      "IsConst": false,
      "Kind": 232,
      "KindString": "EnumDeclaration",
      "Location": Object {
        "Character": 0,
        "FileName": "./cases/EnumDeclaration1.ts",
        "IsExternalPackage": false,
        "Line": 2,
      },
      "Members": Array [
        Array [
          "None",
          Array [
            "EnumMember-0",
          ],
        ],
        Array [
          "Critical",
          Array [
            "EnumMember-1",
          ],
        ],
        Array [
          "Error",
          Array [
            "EnumMember-2",
          ],
        ],
        Array [
          "Warning",
          Array [
            "EnumMember-3",
          ],
        ],
        Array [
          "Information",
          Array [
            "EnumMember-4",
          ],
        ],
        Array [
          "Debug",
          Array [
            "EnumMember-5",
          ],
        ],
        Array [
          "Trace",
          Array [
            "EnumMember-6",
          ],
        ],
      ],
      "Metadata": Object {
        "DocumentationComment": "",
        "JSDocTags": Array [],
      },
      "Name": "LogLevel",
    },
    "EnumMember-0": Object {
      "ApiKind": "enum-member",
      "Kind": 267,
      "KindString": "EnumMember",
      "Location": Object {
        "Character": 4,
        "FileName": "./cases/EnumDeclaration1.ts",
        "IsExternalPackage": false,
        "Line": 3,
      },
      "Metadata": Object {
        "DocumentationComment": "",
        "JSDocTags": Array [],
      },
      "Name": "None",
      "Value": "0",
    },
    "EnumMember-1": Object {
      "ApiKind": "enum-member",
      "Kind": 267,
      "KindString": "EnumMember",
      "Location": Object {
        "Character": 4,
        "FileName": "./cases/EnumDeclaration1.ts",
        "IsExternalPackage": false,
        "Line": 4,
      },
      "Metadata": Object {
        "DocumentationComment": "",
        "JSDocTags": Array [],
      },
      "Name": "Critical",
      "Value": "1",
    },
    "EnumMember-2": Object {
      "ApiKind": "enum-member",
      "Kind": 267,
      "KindString": "EnumMember",
      "Location": Object {
        "Character": 4,
        "FileName": "./cases/EnumDeclaration1.ts",
        "IsExternalPackage": false,
        "Line": 5,
      },
      "Metadata": Object {
        "DocumentationComment": "",
        "JSDocTags": Array [],
      },
      "Name": "Error",
      "Value": "2",
    },
    "EnumMember-3": Object {
      "ApiKind": "enum-member",
      "Kind": 267,
      "KindString": "EnumMember",
      "Location": Object {
        "Character": 4,
        "FileName": "./cases/EnumDeclaration1.ts",
        "IsExternalPackage": false,
        "Line": 6,
      },
      "Metadata": Object {
        "DocumentationComment": "",
        "JSDocTags": Array [],
      },
      "Name": "Warning",
      "Value": "3",
    },
    "EnumMember-4": Object {
      "ApiKind": "enum-member",
      "Kind": 267,
      "KindString": "EnumMember",
      "Location": Object {
        "Character": 4,
        "FileName": "./cases/EnumDeclaration1.ts",
        "IsExternalPackage": false,
        "Line": 7,
      },
      "Metadata": Object {
        "DocumentationComment": "",
        "JSDocTags": Array [],
      },
      "Name": "Information",
      "Value": "4",
    },
    "EnumMember-5": Object {
      "ApiKind": "enum-member",
      "Kind": 267,
      "KindString": "EnumMember",
      "Location": Object {
        "Character": 4,
        "FileName": "./cases/EnumDeclaration1.ts",
        "IsExternalPackage": false,
        "Line": 8,
      },
      "Metadata": Object {
        "DocumentationComment": "",
        "JSDocTags": Array [],
      },
      "Name": "Debug",
      "Value": "5",
    },
    "EnumMember-6": Object {
      "ApiKind": "enum-member",
      "Kind": 267,
      "KindString": "EnumMember",
      "Location": Object {
        "Character": 4,
        "FileName": "./cases/EnumDeclaration1.ts",
        "IsExternalPackage": false,
        "Line": 9,
      },
      "Metadata": Object {
        "DocumentationComment": "",
        "JSDocTags": Array [],
      },
      "Name": "Trace",
      "Value": "6",
    },
    "SourceFile-0": Object {
      "ApiKind": "source-file",
      "Kind": 268,
      "KindString": "SourceFile",
      "Location": Object {
        "Character": 0,
        "FileName": "./cases/EnumDeclaration1.ts",
        "IsExternalPackage": false,
        "Line": 2,
      },
      "Members": Array [
        Array [
          "LogLevel",
          Array [
            "EnumDeclaration-0",
          ],
        ],
      ],
      "Metadata": Object {
        "DocumentationComment": "",
        "JSDocTags": Array [],
      },
      "Name": "EnumDeclaration1.ts",
    },
  },
}
`;
