// Jest Snapshot v1, https://goo.gl/fbAQLP

exports[`export-specifier2 1`] = `
Object {
  "EntryFiles": Array [
    "SourceFile-0",
  ],
  "Registry": Object {
    "ClassDeclaration-0": Object {
      "ApiKind": "class",
      "Extends": undefined,
      "Implements": Array [
        Object {
          "ApiTypeKind": "reference",
          "Location": Object {
            "Character": 28,
            "FileName": "./foo.ts",
            "IsExternalPackage": false,
            "Line": 4,
          },
          "ReferenceId": "InterfaceDeclaration-0",
          "SymbolName": "Boo",
          "Text": "Boo",
          "TypeParameters": undefined,
        },
      ],
      "IsAbstract": false,
      "Location": Object {
        "Character": 0,
        "FileName": "./foo.ts",
        "IsExternalPackage": false,
        "Line": 4,
      },
      "Members": Array [
        Object {
          "Alias": "Name",
          "Ids": Array [
            "PropertyDeclaration-0",
          ],
        },
      ],
      "Metadata": Object {
        "DocumentationComment": "",
        "JSDocTags": Array [],
      },
      "Name": "Foo",
      "ParentId": "SourceFile-1",
      "TypeParameters": Array [],
      "_ts": undefined,
    },
    "ExportSpecifier-0": Object {
      "ApiItems": Array [
        "ClassDeclaration-0",
      ],
      "ApiKind": "export-specifier",
      "Location": Object {
        "Character": 9,
        "FileName": "./main.ts",
        "IsExternalPackage": false,
        "Line": 0,
      },
      "Metadata": Object {
        "DocumentationComment": "",
        "JSDocTags": Array [],
      },
      "Name": "Foo",
      "ParentId": undefined,
      "_ts": undefined,
    },
    "ExportSpecifier-1": Object {
      "ApiItems": Array [
        "InterfaceDeclaration-0",
      ],
      "ApiKind": "export-specifier",
      "Location": Object {
        "Character": 14,
        "FileName": "./main.ts",
        "IsExternalPackage": false,
        "Line": 0,
      },
      "Metadata": Object {
        "DocumentationComment": "",
        "JSDocTags": Array [],
      },
      "Name": "Boo",
      "ParentId": undefined,
      "_ts": undefined,
    },
    "InterfaceDeclaration-0": Object {
      "ApiKind": "interface",
      "Extends": Array [],
      "Location": Object {
        "Character": 0,
        "FileName": "./foo.ts",
        "IsExternalPackage": false,
        "Line": 0,
      },
      "Members": Array [
        Object {
          "Alias": "Name",
          "Ids": Array [
            "PropertySignature-0",
          ],
        },
      ],
      "Metadata": Object {
        "DocumentationComment": "",
        "JSDocTags": Array [],
      },
      "Name": "Boo",
      "ParentId": "SourceFile-1",
      "TypeParameters": Array [],
      "_ts": undefined,
    },
    "PropertyDeclaration-0": Object {
      "AccessModifier": "public",
      "ApiKind": "class-property",
      "IsAbstract": false,
      "IsOptional": false,
      "IsReadonly": false,
      "IsStatic": false,
      "Location": Object {
        "Character": 4,
        "FileName": "./foo.ts",
        "IsExternalPackage": false,
        "Line": 5,
      },
      "Metadata": Object {
        "DocumentationComment": "",
        "JSDocTags": Array [],
      },
      "Name": "Name",
      "ParentId": "ClassDeclaration-0",
      "Type": Object {
        "ApiTypeKind": "basic",
        "Location": Object {
          "Character": 17,
          "FileName": "./foo.ts",
          "IsExternalPackage": false,
          "Line": 5,
        },
        "Text": "string",
      },
      "_ts": undefined,
    },
    "PropertySignature-0": Object {
      "ApiKind": "property",
      "IsOptional": false,
      "IsReadonly": false,
      "Location": Object {
        "Character": 4,
        "FileName": "./foo.ts",
        "IsExternalPackage": false,
        "Line": 1,
      },
      "Metadata": Object {
        "DocumentationComment": "",
        "JSDocTags": Array [],
      },
      "Name": "Name",
      "ParentId": "InterfaceDeclaration-0",
      "Type": Object {
        "ApiTypeKind": "basic",
        "Location": Object {
          "Character": 10,
          "FileName": "./foo.ts",
          "IsExternalPackage": false,
          "Line": 1,
        },
        "Text": "string",
      },
      "_ts": undefined,
    },
    "SourceFile-0": Object {
      "ApiKind": "source-file",
      "Location": Object {
        "Character": 0,
        "FileName": "./main.ts",
        "IsExternalPackage": false,
        "Line": 0,
      },
      "Members": Array [
        Object {
          "Alias": "Foo",
          "Ids": Array [
            "ExportSpecifier-0",
          ],
        },
        Object {
          "Alias": "Boo",
          "Ids": Array [
            "ExportSpecifier-1",
          ],
        },
      ],
      "Metadata": Object {
        "DocumentationComment": "",
        "JSDocTags": Array [],
      },
      "Name": "main.ts",
      "ParentId": undefined,
      "_ts": undefined,
    },
    "SourceFile-1": Object {
      "ApiKind": "source-file",
      "Location": Object {
        "Character": 0,
        "FileName": "./foo.ts",
        "IsExternalPackage": false,
        "Line": 0,
      },
      "Members": Array [
        Object {
          "Alias": "Boo",
          "Ids": Array [
            "InterfaceDeclaration-0",
          ],
        },
        Object {
          "Alias": "Foo",
          "Ids": Array [
            "ClassDeclaration-0",
          ],
        },
      ],
      "Metadata": Object {
        "DocumentationComment": "",
        "JSDocTags": Array [],
      },
      "Name": "foo.ts",
      "ParentId": undefined,
      "_ts": undefined,
    },
  },
}
`;
