// Jest Snapshot v1, https://goo.gl/fbAQLP

exports[`FunctionDeclaration3 1`] = `
Object {
  "EntryFiles": Array [
    "SourceFile-0",
  ],
  "Registry": Object {
    "FunctionDeclaration-0": Object {
      "ApiKind": "function",
      "IsAsync": true,
      "IsOverloadBase": false,
      "Kind": 228,
      "KindString": "FunctionDeclaration",
      "Location": Object {
        "Character": 0,
        "FileName": "./cases/FunctionDeclaration3.ts",
        "IsExternalPackage": false,
        "Line": 0,
      },
      "Metadata": Object {
        "DocumentationComment": "",
        "JSDocTags": Array [],
      },
      "Name": "AsyncFoo",
      "Parameters": Array [],
      "ReturnType": Object {
        "ApiTypeKind": "basic",
        "Flags": 32768,
        "FlagsString": "Object",
        "Generics": Array [
          Object {
            "ApiTypeKind": "basic",
            "Flags": 1024,
            "FlagsString": "Void",
            "Generics": undefined,
            "Name": undefined,
            "ReferenceId": undefined,
            "Text": "void",
          },
        ],
        "Name": "Promise",
        "ReferenceId": undefined,
        "Text": "Promise<void>",
      },
      "TypeParameters": Array [],
    },
    "SourceFile-0": Object {
      "ApiKind": "source-file",
      "Kind": 268,
      "KindString": "SourceFile",
      "Location": Object {
        "Character": 0,
        "FileName": "./cases/FunctionDeclaration3.ts",
        "IsExternalPackage": false,
        "Line": 0,
      },
      "Members": Array [
        Array [
          "AsyncFoo",
          Array [
            "FunctionDeclaration-0",
          ],
        ],
      ],
      "Metadata": Object {
        "DocumentationComment": "",
        "JSDocTags": Array [],
      },
      "Name": "FunctionDeclaration3.ts",
    },
  },
}
`;
