// Jest Snapshot v1, https://goo.gl/fbAQLP

exports[`function-declaration3 1`] = `
Object {
  "EntryFiles": Array [
    "SourceFile-0",
  ],
  "Registry": Object {
    "FunctionDeclaration-0": Object {
      "ApiKind": "function",
      "IsAsync": true,
      "IsOverloadBase": false,
      "Location": Object {
        "Character": 0,
        "FileName": "./main.ts",
        "IsExternalPackage": false,
        "Line": 0,
      },
      "Metadata": Object {
        "DocumentationComment": "",
        "JSDocTags": Array [],
      },
      "Name": "AsyncFoo",
      "Parameters": Array [],
      "ParentId": "SourceFile-0",
      "ReturnType": Object {
        "ApiTypeKind": "reference",
        "Location": Object {
          "Character": 34,
          "FileName": "./main.ts",
          "IsExternalPackage": false,
          "Line": 0,
        },
        "ReferenceId": undefined,
        "SymbolName": "Promise",
        "Text": "Promise<void>",
        "TypeParameters": Array [
          Object {
            "ApiTypeKind": "basic",
            "Location": Object {
              "Character": 42,
              "FileName": "./main.ts",
              "IsExternalPackage": false,
              "Line": 0,
            },
            "Text": "void",
          },
        ],
      },
      "TypeParameters": Array [],
      "_ts": undefined,
    },
    "SourceFile-0": Object {
      "ApiKind": "source-file",
      "Location": Object {
        "Character": 0,
        "FileName": "./main.ts",
        "IsExternalPackage": false,
        "Line": 0,
      },
      "Members": Array [
        Object {
          "Alias": "AsyncFoo",
          "Ids": Array [
            "FunctionDeclaration-0",
          ],
        },
      ],
      "Metadata": Object {
        "DocumentationComment": "",
        "JSDocTags": Array [],
      },
      "Name": "main.ts",
      "ParentId": undefined,
      "_ts": undefined,
    },
  },
}
`;
