// Jest Snapshot v1, https://goo.gl/fbAQLP

exports[`get-accessor1 1`] = `
Object {
  "EntryFiles": Array [
    "SourceFile-0",
  ],
  "Registry": Object {
    "ClassDeclaration-0": Object {
      "ApiKind": "class",
      "Extends": undefined,
      "Implements": Array [],
      "IsAbstract": false,
      "Location": Object {
        "Character": 0,
        "FileName": "./main.ts",
        "IsExternalPackage": false,
        "Line": 0,
      },
      "Members": Array [
        Object {
          "Alias": "Foo",
          "Ids": Array [
            "GetAccessor-0",
          ],
        },
      ],
      "Metadata": Object {
        "DocumentationComment": "",
        "JSDocTags": Array [],
      },
      "Name": "Foo",
      "ParentId": "SourceFile-0",
      "TypeParameters": Array [],
      "_ts": undefined,
    },
    "GetAccessor-0": Object {
      "AccessModifier": "public",
      "ApiKind": "get-accessor",
      "IsAbstract": false,
      "IsStatic": false,
      "Location": Object {
        "Character": 4,
        "FileName": "./main.ts",
        "IsExternalPackage": false,
        "Line": 1,
      },
      "Metadata": Object {
        "DocumentationComment": "",
        "JSDocTags": Array [],
      },
      "Name": "Foo",
      "ParentId": "ClassDeclaration-0",
      "Type": Object {
        "ApiTypeKind": "basic",
        "Location": Object {
          "Character": 22,
          "FileName": "./main.ts",
          "IsExternalPackage": false,
          "Line": 1,
        },
        "Text": "string",
      },
      "_ts": undefined,
    },
    "SourceFile-0": Object {
      "ApiKind": "source-file",
      "Location": Object {
        "Character": 0,
        "FileName": "./main.ts",
        "IsExternalPackage": false,
        "Line": 0,
      },
      "Members": Array [
        Object {
          "Alias": "Foo",
          "Ids": Array [
            "ClassDeclaration-0",
          ],
        },
      ],
      "Metadata": Object {
        "DocumentationComment": "",
        "JSDocTags": Array [],
      },
      "Name": "main.ts",
      "ParentId": undefined,
      "_ts": undefined,
    },
  },
}
`;
