// Jest Snapshot v1, https://goo.gl/fbAQLP

exports[`IndexSignature1 1`] = `
Object {
  "EntryFiles": Array [
    "SourceFile-0",
  ],
  "Registry": Object {
    "IndexSignature-0": Object {
      "ApiKind": "index",
      "IsReadonly": false,
      "Location": Object {
        "Character": 4,
        "FileName": "./cases/IndexSignature1.ts",
        "IsExternalPackage": false,
        "Line": 1,
      },
      "Metadata": Object {
        "DocumentationComment": "",
        "JSDocTags": Array [],
      },
      "Name": "__index",
      "Parameter": "Parameter-0",
      "Type": Object {
        "ApiTypeKind": "basic",
        "Flags": 4,
        "FlagsString": "Number",
        "Generics": undefined,
        "Name": undefined,
        "ReferenceId": undefined,
        "Text": "number",
      },
      "_ts": Object {
        "Kind": 157,
        "KindString": "IndexSignature",
      },
    },
    "InterfaceDeclaration-0": Object {
      "ApiKind": "interface",
      "Extends": Array [],
      "Location": Object {
        "Character": 0,
        "FileName": "./cases/IndexSignature1.ts",
        "IsExternalPackage": false,
        "Line": 0,
      },
      "Members": Array [
        Object {
          "Alias": "__index",
          "Ids": Array [
            "IndexSignature-0",
          ],
        },
      ],
      "Metadata": Object {
        "DocumentationComment": "",
        "JSDocTags": Array [],
      },
      "Name": "Foo",
      "TypeParameters": Array [],
      "_ts": Object {
        "Kind": 230,
        "KindString": "InterfaceDeclaration",
      },
    },
    "Parameter-0": Object {
      "ApiKind": "parameter",
      "Initializer": undefined,
      "IsOptional": false,
      "IsSpread": false,
      "Location": Object {
        "Character": 5,
        "FileName": "./cases/IndexSignature1.ts",
        "IsExternalPackage": false,
        "Line": 1,
      },
      "Metadata": Object {
        "DocumentationComment": "",
        "JSDocTags": Array [],
      },
      "Name": "key",
      "Type": Object {
        "ApiTypeKind": "basic",
        "Flags": 2,
        "FlagsString": "String",
        "Generics": undefined,
        "Name": undefined,
        "ReferenceId": undefined,
        "Text": "string",
      },
      "_ts": Object {
        "Kind": 146,
        "KindString": "Parameter",
      },
    },
    "SourceFile-0": Object {
      "ApiKind": "source-file",
      "Location": Object {
        "Character": 0,
        "FileName": "./cases/IndexSignature1.ts",
        "IsExternalPackage": false,
        "Line": 0,
      },
      "Members": Array [
        Object {
          "Alias": "Foo",
          "Ids": Array [
            "InterfaceDeclaration-0",
          ],
        },
      ],
      "Metadata": Object {
        "DocumentationComment": "",
        "JSDocTags": Array [],
      },
      "Name": "IndexSignature1.ts",
      "_ts": Object {
        "Kind": 268,
        "KindString": "SourceFile",
      },
    },
  },
}
`;
