// Jest Snapshot v1, https://goo.gl/fbAQLP

exports[`interface-class-merging 1`] = `
Object {
  "EntryFiles": Array [
    "SourceFile-0",
  ],
  "Registry": Object {
    "ClassDeclaration-0": Object {
      "ApiKind": "class",
      "Extends": undefined,
      "Implements": Array [],
      "IsAbstract": false,
      "Location": Object {
        "Character": 0,
        "FileName": "./main.ts",
        "IsExternalPackage": false,
        "Line": 7,
      },
      "Members": Array [
        Object {
          "Alias": "additionalProperty",
          "Ids": Array [
            "PropertyDeclaration-0",
          ],
        },
        Object {
          "Alias": "additionalMethod",
          "Ids": Array [
            "MethodDeclaration-0",
          ],
        },
      ],
      "Metadata": Object {
        "DocumentationComment": "",
        "JSDocTags": Array [],
      },
      "Name": "Foo",
      "ParentId": "SourceFile-0",
      "TypeParameters": Array [],
      "_ts": undefined,
    },
    "ClassDeclaration-1": Object {
      "ApiKind": "class",
      "Extends": Object {
        "ApiTypeKind": "reference",
        "Location": Object {
          "Character": 25,
          "FileName": "./main.ts",
          "IsExternalPackage": false,
          "Line": 15,
        },
        "ReferenceId": "InterfaceDeclaration-0",
        "SymbolName": "Foo",
        "Text": "Foo",
        "TypeParameters": undefined,
      },
      "Implements": Array [],
      "IsAbstract": false,
      "Location": Object {
        "Character": 0,
        "FileName": "./main.ts",
        "IsExternalPackage": false,
        "Line": 15,
      },
      "Members": Array [
        Object {
          "Alias": "method",
          "Ids": Array [
            "MethodDeclaration-1",
          ],
        },
      ],
      "Metadata": Object {
        "DocumentationComment": "",
        "JSDocTags": Array [],
      },
      "Name": "Bar",
      "ParentId": "SourceFile-0",
      "TypeParameters": Array [],
      "_ts": undefined,
    },
    "InterfaceDeclaration-0": Object {
      "ApiKind": "interface",
      "Extends": Array [],
      "Location": Object {
        "Character": 0,
        "FileName": "./main.ts",
        "IsExternalPackage": false,
        "Line": 0,
      },
      "Members": Array [
        Object {
          "Alias": "method",
          "Ids": Array [
            "MethodSignature-0",
          ],
        },
        Object {
          "Alias": "optionalMethod",
          "Ids": Array [
            "MethodSignature-1",
          ],
        },
        Object {
          "Alias": "property",
          "Ids": Array [
            "PropertySignature-0",
          ],
        },
        Object {
          "Alias": "optionalProperty",
          "Ids": Array [
            "PropertySignature-1",
          ],
        },
      ],
      "Metadata": Object {
        "DocumentationComment": "",
        "JSDocTags": Array [],
      },
      "Name": "Foo",
      "ParentId": "SourceFile-0",
      "TypeParameters": Array [],
      "_ts": undefined,
    },
    "MethodDeclaration-0": Object {
      "AccessModifier": "public",
      "ApiKind": "class-method",
      "IsAbstract": false,
      "IsAsync": false,
      "IsOptional": false,
      "IsOverloadBase": false,
      "IsStatic": false,
      "Location": Object {
        "Character": 4,
        "FileName": "./main.ts",
        "IsExternalPackage": false,
        "Line": 10,
      },
      "Metadata": Object {
        "DocumentationComment": "",
        "JSDocTags": Array [],
      },
      "Name": "additionalMethod",
      "Parameters": Array [
        Object {
          "Alias": "a",
          "Ids": Array [
            "Parameter-2",
          ],
        },
      ],
      "ParentId": "ClassDeclaration-0",
      "ReturnType": Object {
        "ApiTypeKind": "basic",
        "Location": Object {
          "Character": 40,
          "FileName": "./main.ts",
          "IsExternalPackage": false,
          "Line": 10,
        },
        "Text": "string",
      },
      "TypeParameters": Array [],
      "_ts": undefined,
    },
    "MethodDeclaration-1": Object {
      "AccessModifier": "public",
      "ApiKind": "class-method",
      "IsAbstract": false,
      "IsAsync": false,
      "IsOptional": false,
      "IsOverloadBase": false,
      "IsStatic": false,
      "Location": Object {
        "Character": 4,
        "FileName": "./main.ts",
        "IsExternalPackage": false,
        "Line": 16,
      },
      "Metadata": Object {
        "DocumentationComment": "",
        "JSDocTags": Array [],
      },
      "Name": "method",
      "Parameters": Array [
        Object {
          "Alias": "a",
          "Ids": Array [
            "Parameter-3",
          ],
        },
      ],
      "ParentId": "ClassDeclaration-1",
      "ReturnType": Object {
        "ApiTypeKind": "basic",
        "Location": Object {
          "Character": 30,
          "FileName": "./main.ts",
          "IsExternalPackage": false,
          "Line": 16,
        },
        "Text": "string",
      },
      "TypeParameters": Array [],
      "_ts": undefined,
    },
    "MethodSignature-0": Object {
      "ApiKind": "method",
      "IsOptional": false,
      "IsOverloadBase": false,
      "Location": Object {
        "Character": 4,
        "FileName": "./main.ts",
        "IsExternalPackage": false,
        "Line": 1,
      },
      "Metadata": Object {
        "DocumentationComment": "",
        "JSDocTags": Array [],
      },
      "Name": "method",
      "Parameters": Array [
        Object {
          "Alias": "a",
          "Ids": Array [
            "Parameter-0",
          ],
        },
      ],
      "ParentId": "InterfaceDeclaration-0",
      "ReturnType": Object {
        "ApiTypeKind": "basic",
        "Location": Object {
          "Character": 23,
          "FileName": "./main.ts",
          "IsExternalPackage": false,
          "Line": 1,
        },
        "Text": "string",
      },
      "TypeParameters": Array [],
      "_ts": undefined,
    },
    "MethodSignature-1": Object {
      "ApiKind": "method",
      "IsOptional": true,
      "IsOverloadBase": false,
      "Location": Object {
        "Character": 4,
        "FileName": "./main.ts",
        "IsExternalPackage": false,
        "Line": 2,
      },
      "Metadata": Object {
        "DocumentationComment": "",
        "JSDocTags": Array [],
      },
      "Name": "optionalMethod",
      "Parameters": Array [
        Object {
          "Alias": "a",
          "Ids": Array [
            "Parameter-1",
          ],
        },
      ],
      "ParentId": "InterfaceDeclaration-0",
      "ReturnType": Object {
        "ApiTypeKind": "basic",
        "Location": Object {
          "Character": 32,
          "FileName": "./main.ts",
          "IsExternalPackage": false,
          "Line": 2,
        },
        "Text": "string",
      },
      "TypeParameters": Array [],
      "_ts": undefined,
    },
    "Parameter-0": Object {
      "ApiKind": "parameter",
      "Initializer": undefined,
      "IsOptional": false,
      "IsSpread": false,
      "Location": Object {
        "Character": 11,
        "FileName": "./main.ts",
        "IsExternalPackage": false,
        "Line": 1,
      },
      "Metadata": Object {
        "DocumentationComment": "",
        "JSDocTags": Array [],
      },
      "Name": "a",
      "ParentId": "MethodSignature-0",
      "Type": Object {
        "ApiTypeKind": "basic",
        "Location": Object {
          "Character": 14,
          "FileName": "./main.ts",
          "IsExternalPackage": false,
          "Line": 1,
        },
        "Text": "number",
      },
      "_ts": undefined,
    },
    "Parameter-1": Object {
      "ApiKind": "parameter",
      "Initializer": undefined,
      "IsOptional": false,
      "IsSpread": false,
      "Location": Object {
        "Character": 20,
        "FileName": "./main.ts",
        "IsExternalPackage": false,
        "Line": 2,
      },
      "Metadata": Object {
        "DocumentationComment": "",
        "JSDocTags": Array [],
      },
      "Name": "a",
      "ParentId": "MethodSignature-1",
      "Type": Object {
        "ApiTypeKind": "basic",
        "Location": Object {
          "Character": 23,
          "FileName": "./main.ts",
          "IsExternalPackage": false,
          "Line": 2,
        },
        "Text": "number",
      },
      "_ts": undefined,
    },
    "Parameter-2": Object {
      "ApiKind": "parameter",
      "Initializer": undefined,
      "IsOptional": false,
      "IsSpread": false,
      "Location": Object {
        "Character": 28,
        "FileName": "./main.ts",
        "IsExternalPackage": false,
        "Line": 10,
      },
      "Metadata": Object {
        "DocumentationComment": "",
        "JSDocTags": Array [],
      },
      "Name": "a",
      "ParentId": "MethodDeclaration-0",
      "Type": Object {
        "ApiTypeKind": "basic",
        "Location": Object {
          "Character": 31,
          "FileName": "./main.ts",
          "IsExternalPackage": false,
          "Line": 10,
        },
        "Text": "number",
      },
      "_ts": undefined,
    },
    "Parameter-3": Object {
      "ApiKind": "parameter",
      "Initializer": undefined,
      "IsOptional": false,
      "IsSpread": false,
      "Location": Object {
        "Character": 18,
        "FileName": "./main.ts",
        "IsExternalPackage": false,
        "Line": 16,
      },
      "Metadata": Object {
        "DocumentationComment": "",
        "JSDocTags": Array [],
      },
      "Name": "a",
      "ParentId": "MethodDeclaration-1",
      "Type": Object {
        "ApiTypeKind": "basic",
        "Location": Object {
          "Character": 21,
          "FileName": "./main.ts",
          "IsExternalPackage": false,
          "Line": 16,
        },
        "Text": "number",
      },
      "_ts": undefined,
    },
    "PropertyDeclaration-0": Object {
      "AccessModifier": "public",
      "ApiKind": "class-property",
      "IsAbstract": false,
      "IsOptional": false,
      "IsReadonly": false,
      "IsStatic": false,
      "Location": Object {
        "Character": 4,
        "FileName": "./main.ts",
        "IsExternalPackage": false,
        "Line": 8,
      },
      "Metadata": Object {
        "DocumentationComment": "",
        "JSDocTags": Array [],
      },
      "Name": "additionalProperty",
      "ParentId": "ClassDeclaration-0",
      "Type": Object {
        "ApiTypeKind": "basic",
        "Location": Object {
          "Character": 31,
          "FileName": "./main.ts",
          "IsExternalPackage": false,
          "Line": 8,
        },
        "Text": "string",
      },
      "_ts": undefined,
    },
    "PropertySignature-0": Object {
      "ApiKind": "property",
      "IsOptional": false,
      "IsReadonly": false,
      "Location": Object {
        "Character": 4,
        "FileName": "./main.ts",
        "IsExternalPackage": false,
        "Line": 3,
      },
      "Metadata": Object {
        "DocumentationComment": "",
        "JSDocTags": Array [],
      },
      "Name": "property",
      "ParentId": "InterfaceDeclaration-0",
      "Type": Object {
        "ApiTypeKind": "basic",
        "Location": Object {
          "Character": 14,
          "FileName": "./main.ts",
          "IsExternalPackage": false,
          "Line": 3,
        },
        "Text": "string",
      },
      "_ts": undefined,
    },
    "PropertySignature-1": Object {
      "ApiKind": "property",
      "IsOptional": true,
      "IsReadonly": false,
      "Location": Object {
        "Character": 4,
        "FileName": "./main.ts",
        "IsExternalPackage": false,
        "Line": 4,
      },
      "Metadata": Object {
        "DocumentationComment": "",
        "JSDocTags": Array [],
      },
      "Name": "optionalProperty",
      "ParentId": "InterfaceDeclaration-0",
      "Type": Object {
        "ApiTypeKind": "basic",
        "Location": Object {
          "Character": 23,
          "FileName": "./main.ts",
          "IsExternalPackage": false,
          "Line": 4,
        },
        "Text": "string",
      },
      "_ts": undefined,
    },
    "SourceFile-0": Object {
      "ApiKind": "source-file",
      "Location": Object {
        "Character": 0,
        "FileName": "./main.ts",
        "IsExternalPackage": false,
        "Line": 0,
      },
      "Members": Array [
        Object {
          "Alias": "Foo",
          "Ids": Array [
            "InterfaceDeclaration-0",
            "ClassDeclaration-0",
          ],
        },
        Object {
          "Alias": "Bar",
          "Ids": Array [
            "ClassDeclaration-1",
          ],
        },
        Object {
          "Alias": "bar",
          "Ids": Array [
            "VariableDeclaration-0",
          ],
        },
        Object {
          "Alias": "foo",
          "Ids": Array [
            "VariableDeclaration-1",
          ],
        },
        Object {
          "Alias": "iFoo",
          "Ids": Array [
            "VariableDeclaration-2",
          ],
        },
      ],
      "Metadata": Object {
        "DocumentationComment": "",
        "JSDocTags": Array [],
      },
      "Name": "main.ts",
      "ParentId": undefined,
      "_ts": undefined,
    },
    "VariableDeclaration-0": Object {
      "ApiKind": "variable",
      "Location": Object {
        "Character": 11,
        "FileName": "./main.ts",
        "IsExternalPackage": false,
        "Line": 21,
      },
      "Metadata": Object {
        "DocumentationComment": "",
        "JSDocTags": Array [],
      },
      "Name": "bar",
      "ParentId": undefined,
      "Type": Object {
        "ApiTypeKind": "reference",
        "Location": Object {
          "Character": 11,
          "FileName": "./main.ts",
          "IsExternalPackage": false,
          "Line": 21,
        },
        "ReferenceId": "ClassDeclaration-1",
        "SymbolName": "Bar",
        "Text": "Bar",
        "TypeParameters": undefined,
      },
      "VariableDeclarationType": "let",
      "_ts": undefined,
    },
    "VariableDeclaration-1": Object {
      "ApiKind": "variable",
      "Location": Object {
        "Character": 11,
        "FileName": "./main.ts",
        "IsExternalPackage": false,
        "Line": 22,
      },
      "Metadata": Object {
        "DocumentationComment": "",
        "JSDocTags": Array [],
      },
      "Name": "foo",
      "ParentId": undefined,
      "Type": Object {
        "ApiTypeKind": "reference",
        "Location": Object {
          "Character": 11,
          "FileName": "./main.ts",
          "IsExternalPackage": false,
          "Line": 22,
        },
        "ReferenceId": "InterfaceDeclaration-0",
        "SymbolName": "Foo",
        "Text": "Foo",
        "TypeParameters": undefined,
      },
      "VariableDeclarationType": "let",
      "_ts": undefined,
    },
    "VariableDeclaration-2": Object {
      "ApiKind": "variable",
      "Location": Object {
        "Character": 11,
        "FileName": "./main.ts",
        "IsExternalPackage": false,
        "Line": 23,
      },
      "Metadata": Object {
        "DocumentationComment": "",
        "JSDocTags": Array [],
      },
      "Name": "iFoo",
      "ParentId": undefined,
      "Type": Object {
        "ApiTypeKind": "reference",
        "Location": Object {
          "Character": 17,
          "FileName": "./main.ts",
          "IsExternalPackage": false,
          "Line": 23,
        },
        "ReferenceId": "InterfaceDeclaration-0",
        "SymbolName": "Foo",
        "Text": "Foo",
        "TypeParameters": undefined,
      },
      "VariableDeclarationType": "let",
      "_ts": undefined,
    },
  },
}
`;
