// Jest Snapshot v1, https://goo.gl/fbAQLP

exports[`interface-declaration6 1`] = `
Object {
  "EntryFiles": Array [
    "SourceFile-0",
  ],
  "Registry": Object {
    "InterfaceDeclaration-0": Object {
      "ApiKind": "interface",
      "Extends": Array [],
      "Location": Object {
        "Character": 0,
        "FileName": "./main.ts",
        "IsExternalPackage": false,
        "Line": 2,
      },
      "Members": Array [
        Object {
          "Alias": "Bar",
          "Ids": Array [
            "MethodSignature-0",
          ],
        },
      ],
      "Metadata": Object {
        "DocumentationComment": "",
        "JSDocTags": Array [],
      },
      "Name": "Foo",
      "ParentId": "SourceFile-0",
      "TypeParameters": Array [
        Object {
          "Alias": "TValue",
          "Ids": Array [
            "TypeParameter-1",
          ],
        },
      ],
      "_ts": undefined,
    },
    "MethodSignature-0": Object {
      "ApiKind": "method",
      "IsOptional": false,
      "IsOverloadBase": false,
      "Location": Object {
        "Character": 4,
        "FileName": "./main.ts",
        "IsExternalPackage": false,
        "Line": 3,
      },
      "Metadata": Object {
        "DocumentationComment": "",
        "JSDocTags": Array [],
      },
      "Name": "Bar",
      "Parameters": Array [
        Object {
          "Alias": "args",
          "Ids": Array [
            "Parameter-0",
          ],
        },
      ],
      "ParentId": "InterfaceDeclaration-0",
      "ReturnType": Object {
        "ApiTypeKind": "basic",
        "Location": Object {
          "Character": 31,
          "FileName": "./main.ts",
          "IsExternalPackage": false,
          "Line": 3,
        },
        "Text": "void",
      },
      "TypeParameters": Array [
        Object {
          "Alias": "TValue",
          "Ids": Array [
            "TypeParameter-0",
          ],
        },
      ],
      "_ts": undefined,
    },
    "Parameter-0": Object {
      "ApiKind": "parameter",
      "Initializer": undefined,
      "IsOptional": false,
      "IsSpread": false,
      "Location": Object {
        "Character": 16,
        "FileName": "./main.ts",
        "IsExternalPackage": false,
        "Line": 3,
      },
      "Metadata": Object {
        "DocumentationComment": "",
        "JSDocTags": Array [],
      },
      "Name": "args",
      "ParentId": "MethodSignature-0",
      "Type": Object {
        "ApiTypeKind": "basic",
        "Location": Object {
          "Character": 22,
          "FileName": "./main.ts",
          "IsExternalPackage": false,
          "Line": 3,
        },
        "Text": "string",
      },
      "_ts": undefined,
    },
    "SourceFile-0": Object {
      "ApiKind": "source-file",
      "Location": Object {
        "Character": 0,
        "FileName": "./main.ts",
        "IsExternalPackage": false,
        "Line": 2,
      },
      "Members": Array [
        Object {
          "Alias": "Foo",
          "Ids": Array [
            "InterfaceDeclaration-0",
          ],
        },
      ],
      "Metadata": Object {
        "DocumentationComment": "",
        "JSDocTags": Array [],
      },
      "Name": "main.ts",
      "ParentId": undefined,
      "_ts": undefined,
    },
    "TypeParameter-0": Object {
      "ApiKind": "type-parameter",
      "ConstraintType": undefined,
      "DefaultType": undefined,
      "Location": Object {
        "Character": 8,
        "FileName": "./main.ts",
        "IsExternalPackage": false,
        "Line": 3,
      },
      "Metadata": Object {
        "DocumentationComment": "",
        "JSDocTags": Array [],
      },
      "Name": "TValue",
      "ParentId": "MethodSignature-0",
      "_ts": undefined,
    },
    "TypeParameter-1": Object {
      "ApiKind": "type-parameter",
      "ConstraintType": undefined,
      "DefaultType": undefined,
      "Location": Object {
        "Character": 21,
        "FileName": "./main.ts",
        "IsExternalPackage": false,
        "Line": 2,
      },
      "Metadata": Object {
        "DocumentationComment": "",
        "JSDocTags": Array [],
      },
      "Name": "TValue",
      "ParentId": "InterfaceDeclaration-0",
      "_ts": undefined,
    },
  },
}
`;
