// Jest Snapshot v1, https://goo.gl/fbAQLP

exports[`InterfaceSubtyping 1`] = `
Object {
  "EntryFiles": Array [
    Object {
      "ApiKind": "source-file",
      "Kind": 265,
      "KindString": "SourceFile",
      "Members": Object {
        "Camera": "ClassDeclaration-0",
        "Face": "InterfaceDeclaration-0",
      },
      "Name": "InterfaceSubtyping.ts",
      "Path": "cases/InterfaceSubtyping.ts",
    },
  ],
  "Registry": Object {
    "ClassDeclaration-0": Object {
      "ApiKind": "class",
      "Extends": undefined,
      "Implements": Array [
        Object {
          "ApiTypeKind": "reference",
          "Generics": undefined,
          "Name": "Face",
          "ReferenceId": "InterfaceDeclaration-0",
          "Text": "Face",
        },
      ],
      "IsAbstract": false,
      "Kind": 229,
      "KindString": "ClassDeclaration",
      "Members": Object {
        "foo": "MethodDeclaration-0",
      },
      "Name": "Camera",
    },
    "InterfaceDeclaration-0": Object {
      "ApiKind": "interface",
      "Extends": Array [],
      "Kind": 230,
      "KindString": "InterfaceDeclaration",
      "Members": Object {
        "foo": "MethodSignature-0",
      },
      "Name": "Face",
    },
    "MethodDeclaration-0": Object {
      "AccessModifier": "public",
      "ApiKind": "class-method",
      "IsAbstract": false,
      "IsStatic": false,
      "Kind": 151,
      "KindString": "MethodDeclaration",
      "Name": "foo",
      "Parameters": Object {},
      "ReturnType": Object {
        "ApiTypeKind": "default",
        "Flags": 2,
        "FlagsString": "String",
        "Generics": undefined,
        "Name": undefined,
        "Text": "string",
      },
    },
    "MethodSignature-0": Object {
      "ApiKind": "method",
      "Kind": 150,
      "KindString": "MethodSignature",
      "Name": "foo",
      "Parameters": Object {},
      "ReturnType": Object {
        "ApiTypeKind": "default",
        "Flags": 1024,
        "FlagsString": "Void",
        "Generics": undefined,
        "Name": undefined,
        "Text": "void",
      },
    },
  },
}
`;
