// Jest Snapshot v1, https://goo.gl/fbAQLP

exports[`interface-subtyping 1`] = `
Object {
  "EntryFiles": Array [
    "SourceFile-0",
  ],
  "Registry": Object {
    "ClassDeclaration-0": Object {
      "ApiKind": "class",
      "Extends": undefined,
      "Implements": Array [
        Object {
          "ApiTypeKind": "reference",
          "Location": Object {
            "Character": 31,
            "FileName": "./main.ts",
            "IsExternalPackage": false,
            "Line": 4,
          },
          "ReferenceId": "InterfaceDeclaration-0",
          "SymbolName": "Face",
          "Text": "Face",
          "TypeParameters": undefined,
        },
      ],
      "IsAbstract": false,
      "Location": Object {
        "Character": 0,
        "FileName": "./main.ts",
        "IsExternalPackage": false,
        "Line": 4,
      },
      "Members": Array [
        Object {
          "Alias": "__constructor",
          "Ids": Array [
            "Constructor-0",
          ],
        },
        Object {
          "Alias": "foo",
          "Ids": Array [
            "MethodDeclaration-0",
          ],
        },
      ],
      "Metadata": Object {
        "DocumentationComment": "",
        "JSDocTags": Array [],
      },
      "Name": "Camera",
      "ParentId": "SourceFile-0",
      "TypeParameters": Array [],
      "_ts": undefined,
    },
    "Constructor-0": Object {
      "AccessModifier": "public",
      "ApiKind": "class-constructor",
      "IsOverloadBase": false,
      "Location": Object {
        "Character": 4,
        "FileName": "./main.ts",
        "IsExternalPackage": false,
        "Line": 5,
      },
      "Metadata": Object {
        "DocumentationComment": "",
        "JSDocTags": Array [],
      },
      "Name": "__constructor",
      "Parameters": Array [
        Object {
          "Alias": "str",
          "Ids": Array [
            "Parameter-0",
          ],
        },
      ],
      "ParentId": "ClassDeclaration-0",
      "TypeParameters": Array [],
      "_ts": undefined,
    },
    "InterfaceDeclaration-0": Object {
      "ApiKind": "interface",
      "Extends": Array [],
      "Location": Object {
        "Character": 0,
        "FileName": "./main.ts",
        "IsExternalPackage": false,
        "Line": 0,
      },
      "Members": Array [
        Object {
          "Alias": "foo",
          "Ids": Array [
            "MethodSignature-0",
          ],
        },
      ],
      "Metadata": Object {
        "DocumentationComment": "",
        "JSDocTags": Array [],
      },
      "Name": "Face",
      "ParentId": "SourceFile-0",
      "TypeParameters": Array [],
      "_ts": undefined,
    },
    "MethodDeclaration-0": Object {
      "AccessModifier": "public",
      "ApiKind": "class-method",
      "IsAbstract": false,
      "IsAsync": false,
      "IsOptional": false,
      "IsOverloadBase": false,
      "IsStatic": false,
      "Location": Object {
        "Character": 4,
        "FileName": "./main.ts",
        "IsExternalPackage": false,
        "Line": 7,
      },
      "Metadata": Object {
        "DocumentationComment": "",
        "JSDocTags": Array [],
      },
      "Name": "foo",
      "Parameters": Array [],
      "ParentId": "ClassDeclaration-0",
      "ReturnType": Object {
        "ApiTypeKind": "basic",
        "Location": Object {
          "Character": 18,
          "FileName": "./main.ts",
          "IsExternalPackage": false,
          "Line": 7,
        },
        "Text": "string",
      },
      "TypeParameters": Array [],
      "_ts": undefined,
    },
    "MethodSignature-0": Object {
      "ApiKind": "method",
      "IsOptional": false,
      "IsOverloadBase": false,
      "Location": Object {
        "Character": 4,
        "FileName": "./main.ts",
        "IsExternalPackage": false,
        "Line": 1,
      },
      "Metadata": Object {
        "DocumentationComment": "",
        "JSDocTags": Array [],
      },
      "Name": "foo",
      "Parameters": Array [],
      "ParentId": "InterfaceDeclaration-0",
      "ReturnType": Object {
        "ApiTypeKind": "basic",
        "Location": Object {
          "Character": 11,
          "FileName": "./main.ts",
          "IsExternalPackage": false,
          "Line": 1,
        },
        "Text": "void",
      },
      "TypeParameters": Array [],
      "_ts": undefined,
    },
    "Parameter-0": Object {
      "ApiKind": "parameter",
      "Initializer": undefined,
      "IsOptional": false,
      "IsSpread": false,
      "Location": Object {
        "Character": 16,
        "FileName": "./main.ts",
        "IsExternalPackage": false,
        "Line": 5,
      },
      "Metadata": Object {
        "DocumentationComment": "",
        "JSDocTags": Array [],
      },
      "Name": "str",
      "ParentId": "Constructor-0",
      "Type": Object {
        "ApiTypeKind": "basic",
        "Location": Object {
          "Character": 28,
          "FileName": "./main.ts",
          "IsExternalPackage": false,
          "Line": 5,
        },
        "Text": "string",
      },
      "_ts": undefined,
    },
    "SourceFile-0": Object {
      "ApiKind": "source-file",
      "Location": Object {
        "Character": 0,
        "FileName": "./main.ts",
        "IsExternalPackage": false,
        "Line": 0,
      },
      "Members": Array [
        Object {
          "Alias": "Face",
          "Ids": Array [
            "InterfaceDeclaration-0",
          ],
        },
        Object {
          "Alias": "Camera",
          "Ids": Array [
            "ClassDeclaration-0",
          ],
        },
      ],
      "Metadata": Object {
        "DocumentationComment": "",
        "JSDocTags": Array [],
      },
      "Name": "main.ts",
      "ParentId": undefined,
      "_ts": undefined,
    },
  },
}
`;
