// Jest Snapshot v1, https://goo.gl/fbAQLP

exports[`type-alias-declaration2 1`] = `
Object {
  "EntryFiles": Array [
    "SourceFile-0",
  ],
  "Registry": Object {
    "PropertySignature-0": Object {
      "ApiKind": "property",
      "IsOptional": false,
      "IsReadonly": false,
      "Location": Object {
        "Character": 4,
        "FileName": "./main.ts",
        "IsExternalPackage": false,
        "Line": 1,
      },
      "Metadata": Object {
        "DocumentationComment": "",
        "JSDocTags": Array [],
      },
      "Name": "BarName",
      "ParentId": "TypeLiteral-0",
      "Type": Object {
        "ApiTypeKind": "basic",
        "Location": Object {
          "Character": 13,
          "FileName": "./main.ts",
          "IsExternalPackage": false,
          "Line": 1,
        },
        "Text": "string",
      },
      "_ts": undefined,
    },
    "PropertySignature-1": Object {
      "ApiKind": "property",
      "IsOptional": false,
      "IsReadonly": false,
      "Location": Object {
        "Character": 4,
        "FileName": "./main.ts",
        "IsExternalPackage": false,
        "Line": 2,
      },
      "Metadata": Object {
        "DocumentationComment": "",
        "JSDocTags": Array [],
      },
      "Name": "FooName",
      "ParentId": "TypeLiteral-0",
      "Type": Object {
        "ApiTypeKind": "basic",
        "Location": Object {
          "Character": 13,
          "FileName": "./main.ts",
          "IsExternalPackage": false,
          "Line": 2,
        },
        "Text": "string",
      },
      "_ts": undefined,
    },
    "PropertySignature-2": Object {
      "ApiKind": "property",
      "IsOptional": false,
      "IsReadonly": false,
      "Location": Object {
        "Character": 4,
        "FileName": "./main.ts",
        "IsExternalPackage": false,
        "Line": 6,
      },
      "Metadata": Object {
        "DocumentationComment": "",
        "JSDocTags": Array [],
      },
      "Name": "BarName",
      "ParentId": "TypeLiteral-1",
      "Type": Object {
        "ApiTypeKind": "basic",
        "Location": Object {
          "Character": 13,
          "FileName": "./main.ts",
          "IsExternalPackage": false,
          "Line": 6,
        },
        "Text": "string",
      },
      "_ts": undefined,
    },
    "PropertySignature-3": Object {
      "ApiKind": "property",
      "IsOptional": false,
      "IsReadonly": false,
      "Location": Object {
        "Character": 4,
        "FileName": "./main.ts",
        "IsExternalPackage": false,
        "Line": 7,
      },
      "Metadata": Object {
        "DocumentationComment": "",
        "JSDocTags": Array [],
      },
      "Name": "BazName",
      "ParentId": "TypeLiteral-1",
      "Type": Object {
        "ApiTypeKind": "basic",
        "Location": Object {
          "Character": 13,
          "FileName": "./main.ts",
          "IsExternalPackage": false,
          "Line": 7,
        },
        "Text": "string",
      },
      "_ts": undefined,
    },
    "SourceFile-0": Object {
      "ApiKind": "source-file",
      "Location": Object {
        "Character": 0,
        "FileName": "./main.ts",
        "IsExternalPackage": false,
        "Line": 0,
      },
      "Members": Array [
        Object {
          "Alias": "OneCommonField1",
          "Ids": Array [
            "TypeAliasDeclaration-0",
          ],
        },
        Object {
          "Alias": "OneCommonField2",
          "Ids": Array [
            "TypeAliasDeclaration-1",
          ],
        },
        Object {
          "Alias": "OneCommonFieldTypeIntersection",
          "Ids": Array [
            "TypeAliasDeclaration-2",
          ],
        },
      ],
      "Metadata": Object {
        "DocumentationComment": "",
        "JSDocTags": Array [],
      },
      "Name": "main.ts",
      "ParentId": undefined,
      "_ts": undefined,
    },
    "TypeAliasDeclaration-0": Object {
      "ApiKind": "type-alias",
      "Location": Object {
        "Character": 0,
        "FileName": "./main.ts",
        "IsExternalPackage": false,
        "Line": 0,
      },
      "Metadata": Object {
        "DocumentationComment": "",
        "JSDocTags": Array [],
      },
      "Name": "OneCommonField1",
      "ParentId": "SourceFile-0",
      "Type": Object {
        "ApiTypeKind": "type-literal",
        "Location": Object {
          "Character": 30,
          "FileName": "./main.ts",
          "IsExternalPackage": false,
          "Line": 0,
        },
        "ReferenceId": "TypeLiteral-0",
        "Text": "OneCommonField1",
      },
      "TypeParameters": Array [],
      "_ts": undefined,
    },
    "TypeAliasDeclaration-1": Object {
      "ApiKind": "type-alias",
      "Location": Object {
        "Character": 0,
        "FileName": "./main.ts",
        "IsExternalPackage": false,
        "Line": 5,
      },
      "Metadata": Object {
        "DocumentationComment": "",
        "JSDocTags": Array [],
      },
      "Name": "OneCommonField2",
      "ParentId": "SourceFile-0",
      "Type": Object {
        "ApiTypeKind": "type-literal",
        "Location": Object {
          "Character": 30,
          "FileName": "./main.ts",
          "IsExternalPackage": false,
          "Line": 5,
        },
        "ReferenceId": "TypeLiteral-1",
        "Text": "OneCommonField2",
      },
      "TypeParameters": Array [],
      "_ts": undefined,
    },
    "TypeAliasDeclaration-2": Object {
      "ApiKind": "type-alias",
      "Location": Object {
        "Character": 0,
        "FileName": "./main.ts",
        "IsExternalPackage": false,
        "Line": 10,
      },
      "Metadata": Object {
        "DocumentationComment": "",
        "JSDocTags": Array [],
      },
      "Name": "OneCommonFieldTypeIntersection",
      "ParentId": "SourceFile-0",
      "Type": Object {
        "ApiTypeKind": "union",
        "Location": Object {
          "Character": 45,
          "FileName": "./main.ts",
          "IsExternalPackage": false,
          "Line": 10,
        },
        "Members": Array [
          Object {
            "ApiTypeKind": "reference",
            "Location": Object {
              "Character": 45,
              "FileName": "./main.ts",
              "IsExternalPackage": false,
              "Line": 10,
            },
            "ReferenceId": "TypeAliasDeclaration-0",
            "SymbolName": "OneCommonField1",
            "Text": "OneCommonField1",
            "TypeParameters": undefined,
          },
          Object {
            "ApiTypeKind": "reference",
            "Location": Object {
              "Character": 63,
              "FileName": "./main.ts",
              "IsExternalPackage": false,
              "Line": 10,
            },
            "ReferenceId": "TypeAliasDeclaration-1",
            "SymbolName": "OneCommonField2",
            "Text": "OneCommonField2",
            "TypeParameters": undefined,
          },
        ],
        "Text": "OneCommonFieldTypeIntersection",
      },
      "TypeParameters": Array [],
      "_ts": undefined,
    },
    "TypeLiteral-0": Object {
      "ApiKind": "type-literal",
      "Location": Object {
        "Character": 30,
        "FileName": "./main.ts",
        "IsExternalPackage": false,
        "Line": 0,
      },
      "Members": Array [
        Object {
          "Alias": "BarName",
          "Ids": Array [
            "PropertySignature-0",
          ],
        },
        Object {
          "Alias": "FooName",
          "Ids": Array [
            "PropertySignature-1",
          ],
        },
      ],
      "Metadata": Object {
        "DocumentationComment": "",
        "JSDocTags": Array [],
      },
      "Name": "__type",
      "ParentId": "TypeAliasDeclaration-0",
      "_ts": undefined,
    },
    "TypeLiteral-1": Object {
      "ApiKind": "type-literal",
      "Location": Object {
        "Character": 30,
        "FileName": "./main.ts",
        "IsExternalPackage": false,
        "Line": 5,
      },
      "Members": Array [
        Object {
          "Alias": "BarName",
          "Ids": Array [
            "PropertySignature-2",
          ],
        },
        Object {
          "Alias": "BazName",
          "Ids": Array [
            "PropertySignature-3",
          ],
        },
      ],
      "Metadata": Object {
        "DocumentationComment": "",
        "JSDocTags": Array [],
      },
      "Name": "__type",
      "ParentId": "TypeAliasDeclaration-1",
      "_ts": undefined,
    },
  },
}
`;
