// Jest Snapshot v1, https://goo.gl/fbAQLP

exports[`variable-declaration3 1`] = `
Object {
  "EntryFiles": Array [
    "SourceFile-0",
  ],
  "Registry": Object {
    "SourceFile-0": Object {
      "ApiKind": "source-file",
      "Location": Object {
        "Character": 0,
        "FileName": "./main.ts",
        "IsExternalPackage": false,
        "Line": 0,
      },
      "Members": Array [
        Object {
          "Alias": "z",
          "Ids": Array [
            "VariableDeclaration-0",
          ],
        },
      ],
      "Metadata": Object {
        "DocumentationComment": "",
        "JSDocTags": Array [],
      },
      "Name": "main.ts",
      "ParentId": undefined,
      "_ts": undefined,
    },
    "VariableDeclaration-0": Object {
      "ApiKind": "variable",
      "Location": Object {
        "Character": 13,
        "FileName": "./main.ts",
        "IsExternalPackage": false,
        "Line": 2,
      },
      "Metadata": Object {
        "DocumentationComment": "",
        "JSDocTags": Array [],
      },
      "Name": "z",
      "ParentId": undefined,
      "Type": Object {
        "ApiTypeKind": "type-query",
        "Keyword": "typeof",
        "Location": Object {
          "Character": 16,
          "FileName": "./main.ts",
          "IsExternalPackage": false,
          "Line": 2,
        },
        "ReferenceId": undefined,
        "Text": "string",
      },
      "VariableDeclarationType": "const",
      "_ts": undefined,
    },
  },
}
`;
